[INFO] Scanning for projects...
[WARNING] 
[WARNING] Some problems were encountered while building the effective model for com.uniintern:uniintern:jar:0.0.1-SNAPSHOT
[WARNING] 'dependencies.dependency.(groupId:artifactId:type:classifier)' must be unique: org.springframework.boot:spring-boot-starter-mail:jar -> duplicate declaration of version (?) @ line 72, column 15
[WARNING] 
[WARNING] It is highly recommended to fix these problems because they threaten the stability of your build.
[WARNING] 
[WARNING] For this reason, future Maven versions might no longer support building such malformed projects.
[WARNING] 
[INFO] 
[INFO] ----------------------< com.uniintern:uniintern >-----------------------
[INFO] Building UniInternPortal 0.0.1-SNAPSHOT
[INFO]   from pom.xml
[INFO] --------------------------------[ jar ]---------------------------------
[INFO] 
[INFO] --- clean:3.4.1:clean (default-clean) @ uniintern ---
[INFO] Deleting e:\Company\uniintern\uniintern\uniintern\target
[INFO] 
[INFO] >>> spring-boot:3.5.10:run (default-cli) > test-compile @ uniintern >>>
[INFO] 
[INFO] --- resources:3.3.1:resources (default-resources) @ uniintern ---
[INFO] Copying 1 resource from src\main\resources to target\classes
[INFO] Copying 74 resources from src\main\resources to target\classes
[INFO] 
[INFO] --- compiler:3.14.1:compile (default-compile) @ uniintern ---
[INFO] Recompiling the module because of changed source code.
[INFO] Compiling 47 source files with javac [debug parameters release 17] to target\classes
[INFO] 
[INFO] --- resources:3.3.1:testResources (default-testResources) @ uniintern ---
[INFO] skip non existing resourceDirectory e:\Company\uniintern\uniintern\uniintern\src\test\resources
[INFO] 
[INFO] --- compiler:3.14.1:testCompile (default-testCompile) @ uniintern ---
[INFO] Recompiling the module because of changed dependency.
[INFO] Compiling 1 source file with javac [debug parameters release 17] to target\test-classes
[INFO] 
[INFO] <<< spring-boot:3.5.10:run (default-cli) < test-compile @ uniintern <<<
[INFO] 
[INFO] 
[INFO] --- spring-boot:3.5.10:run (default-cli) @ uniintern ---
[INFO] Attaching agents: []

  .   ____          _            __ _ _
 /\\ / ___'_ __ _ _(_)_ __  __ _ \ \ \ \
( ( )\___ | '_ | '_| | '_ \/ _` | \ \ \ \
 \\/  ___)| |_)| | | | | || (_| |  ) ) ) )
  '  |____| .__|_| |_|_| |_\__, | / / / /
 =========|_|==============|___/=/_/_/_/

 :: Spring Boot ::               (v3.5.10)

2026-04-03T11:06:32.713+05:30  INFO 32324 --- [UniInternPortal] [           main] c.u.portal.UniInternPortalApplication    : Starting UniInternPortalApplication using Java 23.0.1 with PID 32324 (E:\Company\uniintern\uniintern\uniintern\target\classes started by User in e:\Company\uniintern\uniintern\uniintern)
2026-04-03T11:06:32.721+05:30  INFO 32324 --- [UniInternPortal] [           main] c.u.portal.UniInternPortalApplication    : No active profile set, falling back to 1 default profile: "default"
2026-04-03T11:06:33.602+05:30  INFO 32324 --- [UniInternPortal] [           main] .s.d.r.c.RepositoryConfigurationDelegate : Bootstrapping Spring Data JPA repositories in DEFAULT mode.
2026-04-03T11:06:33.678+05:30  INFO 32324 --- [UniInternPortal] [           main] .s.d.r.c.RepositoryConfigurationDelegate : Finished Spring Data repository scanning in 68 ms. Found 6 JPA repository interfaces.
2026-04-03T11:06:34.293+05:30  INFO 32324 --- [UniInternPortal] [           main] o.s.b.w.embedded.tomcat.TomcatWebServer  : Tomcat initialized with port 8089 (http)
2026-04-03T11:06:34.313+05:30  INFO 32324 --- [UniInternPortal] [           main] o.apache.catalina.core.StandardService   : Starting service [Tomcat]
2026-04-03T11:06:34.313+05:30  INFO 32324 --- [UniInternPortal] [           main] o.apache.catalina.core.StandardEngine    : Starting Servlet engine: [Apache Tomcat/10.1.50]
2026-04-03T11:06:34.371+05:30  INFO 32324 --- [UniInternPortal] [           main] o.a.c.c.C.[Tomcat].[localhost].[/]       : Initializing Spring embedded WebApplicationContext
2026-04-03T11:06:34.374+05:30  INFO 32324 --- [UniInternPortal] [           main] w.s.c.ServletWebServerApplicationContext : Root WebApplicationContext: initialization completed in 1581 ms
2026-04-03T11:06:34.513+05:30 DEBUG 32324 --- [UniInternPortal] [           main] o.s.w.f.ServerHttpObservationFilter      : Filter 'webMvcObservationFilter' configured for use
2026-04-03T11:06:34.642+05:30  INFO 32324 --- [UniInternPortal] [           main] o.hibernate.jpa.internal.util.LogHelper  : HHH000204: Processing PersistenceUnitInfo [name: default]
2026-04-03T11:06:34.678+05:30  INFO 32324 --- [UniInternPortal] [           main] org.hibernate.Version                    : HHH000412: Hibernate ORM core version 6.6.41.Final
2026-04-03T11:06:34.697+05:30  INFO 32324 --- [UniInternPortal] [           main] o.h.c.internal.RegionFactoryInitiator    : HHH000026: Second-level cache disabled
2026-04-03T11:06:34.953+05:30  INFO 32324 --- [UniInternPortal] [           main] o.s.o.j.p.SpringPersistenceUnitInfo      : No LoadTimeWeaver setup: ignoring JPA class transformer
2026-04-03T11:06:34.974+05:30  INFO 32324 --- [UniInternPortal] [           main] com.zaxxer.hikari.HikariDataSource       : HikariPool-1 - Starting...
2026-04-03T11:06:35.146+05:30  INFO 32324 --- [UniInternPortal] [           main] com.zaxxer.hikari.pool.HikariPool        : HikariPool-1 - Added connection org.postgresql.jdbc.PgConnection@4491eaeb
2026-04-03T11:06:35.147+05:30  INFO 32324 --- [UniInternPortal] [           main] com.zaxxer.hikari.HikariDataSource       : HikariPool-1 - Start completed.
2026-04-03T11:06:35.214+05:30  INFO 32324 --- [UniInternPortal] [           main] org.hibernate.orm.connections.pooling    : HHH10001005: Database info:
	Database JDBC URL [Connecting through datasource 'HikariDataSource (HikariPool-1)']
	Database driver: undefined/unknown
	Database version: 18.2
	Autocommit mode: undefined/unknown
	Isolation level: undefined/unknown
	Minimum pool size: undefined/unknown
	Maximum pool size: undefined/unknown
2026-04-03T11:06:36.084+05:30  INFO 32324 --- [UniInternPortal] [           main] o.h.e.t.j.p.i.JtaPlatformInitiator       : HHH000489: No JTA platform available (set 'hibernate.transaction.jta.platform' to enable JTA platform integration)
2026-04-03T11:06:36.194+05:30  INFO 32324 --- [UniInternPortal] [           main] j.LocalContainerEntityManagerFactoryBean : Initialized JPA EntityManagerFactory for persistence unit 'default'
2026-04-03T11:06:36.624+05:30  WARN 32324 --- [UniInternPortal] [           main] JpaBaseConfiguration$JpaWebConfiguration : spring.jpa.open-in-view is enabled by default. Therefore, database queries may be performed during view rendering. Explicitly configure spring.jpa.open-in-view to disable this warning
2026-04-03T11:06:36.763+05:30 DEBUG 32324 --- [UniInternPortal] [           main] s.w.s.m.m.a.RequestMappingHandlerMapping : 63 mappings in 'requestMappingHandlerMapping'
2026-04-03T11:06:36.847+05:30 DEBUG 32324 --- [UniInternPortal] [           main] o.s.w.s.handler.SimpleUrlHandlerMapping  : Patterns [/webjars/**, /**, /uploads/**] in 'resourceHandlerMapping'
2026-04-03T11:06:36.870+05:30 DEBUG 32324 --- [UniInternPortal] [           main] s.w.s.m.m.a.RequestMappingHandlerAdapter : ControllerAdvice beans: 1 @ModelAttribute, 0 @InitBinder, 1 RequestBodyAdvice, 1 ResponseBodyAdvice
2026-04-03T11:06:36.921+05:30 DEBUG 32324 --- [UniInternPortal] [           main] .m.m.a.ExceptionHandlerExceptionResolver : ControllerAdvice beans: 0 @ExceptionHandler, 1 ResponseBodyAdvice
2026-04-03T11:06:37.141+05:30  INFO 32324 --- [UniInternPortal] [           main] o.s.b.a.e.web.EndpointLinksResolver      : Exposing 1 endpoint beneath base path '/actuator'
2026-04-03T11:06:37.237+05:30  INFO 32324 --- [UniInternPortal] [           main] o.s.b.w.embedded.tomcat.TomcatWebServer  : Tomcat started on port 8089 (http) with context path '/'
2026-04-03T11:06:37.249+05:30  INFO 32324 --- [UniInternPortal] [           main] c.u.portal.UniInternPortalApplication    : Started UniInternPortalApplication in 5.057 seconds (process running for 5.375)
Hibernate: 
    select
        count(*) 
    from
        companies c1_0
Hibernate: 
    select
        count(*) 
    from
        internships i1_0
2026-04-03T11:06:37.686+05:30  INFO 32324 --- [UniInternPortal] [           main] c.uniintern.portal.admin.AdminSeedData   : Seed data check completed.
